// Jest Snapshot v1, https://goo.gl/fbAQLP

exports[`<CreateEntry /> should render correctly 1`] = `
<div>
  <div
    class="css-qqp9b6"
  >
    <h2
      class="chakra-heading css-sxvlx"
    >
      Cadastrar entrada
    </h2>
    <hr
      aria-orientation="horizontal"
      class="chakra-divider css-e44dav"
    />
    <form
      class="css-0"
    >
      <div
        class="chakra-stack css-uc6l60"
      >
        <div
          class="css-14zyk4t"
        >
          <div
            class="chakra-form-control css-1kxonj9"
            role="group"
          >
            <label
              class="chakra-form__label css-pk5tju"
              for="email"
              id="field-1-label"
            >
              Produto
            </label>
            <div
              class="chakra-select__wrapper css-42b2qy"
            >
              <select
                class="chakra-select css-s5zj6t"
                id="productId"
                name="productId"
              >
                <option
                  value="id"
                >
                  peixe
                </option>
              </select>
              <div
                class="chakra-select__icon-wrapper css-zj2dqk"
              >
                <svg
                  aria-hidden="true"
                  class="chakra-select__icon"
                  focusable="false"
                  role="presentation"
                  style="width: 1em; height: 1em; color: currentColor;"
                  viewBox="0 0 24 24"
                >
                  <path
                    d="M16.59 8.59L12 13.17 7.41 8.59 6 10l6 6 6-6z"
                    fill="currentColor"
                  />
                </svg>
              </div>
            </div>
          </div>
          <div
            class="chakra-form-control css-1kxonj9"
            role="group"
          >
            <label
              class="chakra-form__label css-pk5tju"
              for="email"
              id="field-2-label"
            >
              Quantidade
            </label>
            <input
              class="chakra-input css-uxk25m"
              id="quantity"
              name="quantity"
            />
          </div>
        </div>
      </div>
      <div
        class="css-bxm9v3"
      >
        <div
          class="chakra-stack css-a9v878"
        >
          <a
            class="chakra-button css-r8khcr"
            href="/app/entries"
          >
            Cancelar
          </a>
          <button
            class="chakra-button css-mwvyhu"
            type="submit"
          >
            Salvar
          </button>
        </div>
      </div>
    </form>
  </div>
</div>
`;
