// Jest Snapshot v1, https://goo.gl/fbAQLP

exports[`<PageWrapper /> should render correctly 1`] = `
<div>
  <div
    class="css-1vfdvw2"
  >
    <div
      class="css-6iav15"
    >
      <h2
        class="chakra-heading css-sxvlx"
      >
        Example
      </h2>
      <div
        class="css-k008qs"
      >
        <button
          class="chakra-button css-fkz59o"
          type="button"
        >
          <svg
            class="chakra-icon css-12tbk7p"
            fill="currentColor"
            focusable="false"
            height="1em"
            stroke="currentColor"
            stroke-width="0"
            viewBox="0 0 24 24"
            width="1em"
            xmlns="http://www.w3.org/2000/svg"
          >
            <g>
              <path
                d="M0 0h24v24H0z"
                fill="none"
              />
              <path
                d="M5.463 4.433A9.961 9.961 0 0 1 12 2c5.523 0 10 4.477 10 10 0 2.136-.67 4.116-1.81 5.74L17 12h3A8 8 0 0 0 6.46 6.228l-.997-1.795zm13.074 15.134A9.961 9.961 0 0 1 12 22C6.477 22 2 17.523 2 12c0-2.136.67-4.116 1.81-5.74L7 12H4a8 8 0 0 0 13.54 5.772l.997 1.795z"
              />
            </g>
          </svg>
        </button>
        <a
          class="chakra-button css-1hvb8bx"
          href="/example"
        >
          <span
            class="chakra-button__icon css-1wh2kri"
          >
            <svg
              aria-hidden="true"
              class="chakra-icon css-1cv0b1u"
              fill="currentColor"
              focusable="false"
              height="1em"
              stroke="currentColor"
              stroke-width="0"
              viewBox="0 0 24 24"
              width="1em"
              xmlns="http://www.w3.org/2000/svg"
            >
              <g>
                <path
                  d="M0 0h24v24H0z"
                  fill="none"
                />
                <path
                  d="M11 11V5h2v6h6v2h-6v6h-2v-6H5v-2z"
                />
              </g>
            </svg>
          </span>
          Cadastrar
        </a>
      </div>
    </div>
  </div>
</div>
`;
